// Jest Snapshot v1, https://goo.gl/fbAQLP

exports[`renders ok 1`] = `
<button
  onClick={[Function]}
>
  Click me
   
  0
</button>
`;
